Release 14.1 - xst P.15xf (nt64)
Copyright (c) 1995-2012 Xilinx, Inc.  All rights reserved.
--> Parameter TMPDIR set to xst/projnav.tmp


Total REAL time to Xst completion: 0.00 secs
Total CPU time to Xst completion: 0.10 secs
 
--> Parameter xsthdpdir set to xst


Total REAL time to Xst completion: 0.00 secs
Total CPU time to Xst completion: 0.10 secs
 
--> Reading design: debuger_decoder.prj

TABLE OF CONTENTS
  1) Synthesis Options Summary
  2) HDL Parsing
  3) HDL Elaboration
  4) HDL Synthesis
       4.1) HDL Synthesis Report
  5) Advanced HDL Synthesis
       5.1) Advanced HDL Synthesis Report
  6) Low Level Synthesis
  7) Partition Report
  8) Design Summary
       8.1) Primitive and Black Box Usage
       8.2) Device utilization summary
       8.3) Partition Resource Summary
       8.4) Timing Report
            8.4.1) Clock Information
            8.4.2) Asynchronous Control Signals Information
            8.4.3) Timing Summary
            8.4.4) Timing Details
            8.4.5) Cross Clock Domains Report


=========================================================================
*                      Synthesis Options Summary                        *
=========================================================================
---- Source Parameters
Input File Name                    : "debuger_decoder.prj"
Ignore Synthesis Constraint File   : NO

---- Target Parameters
Output File Name                   : "debuger_decoder"
Output Format                      : NGC
Target Device                      : xc6slx16-3-csg324

---- Source Options
Top Module Name                    : debuger_decoder
Automatic FSM Extraction           : YES
FSM Encoding Algorithm             : Auto
Safe Implementation                : No
FSM Style                          : LUT
RAM Extraction                     : Yes
RAM Style                          : Auto
ROM Extraction                     : Yes
Shift Register Extraction          : YES
ROM Style                          : Auto
Resource Sharing                   : YES
Asynchronous To Synchronous        : NO
Shift Register Minimum Size        : 2
Use DSP Block                      : Auto
Automatic Register Balancing       : No

---- Target Options
LUT Combining                      : Auto
Reduce Control Sets                : Auto
Add IO Buffers                     : YES
Global Maximum Fanout              : 100000
Add Generic Clock Buffer(BUFG)     : 16
Register Duplication               : YES
Optimize Instantiated Primitives   : NO
Use Clock Enable                   : Auto
Use Synchronous Set                : Auto
Use Synchronous Reset              : Auto
Pack IO Registers into IOBs        : Auto
Equivalent register Removal        : YES

---- General Options
Optimization Goal                  : Speed
Optimization Effort                : 1
Power Reduction                    : NO
Keep Hierarchy                     : No
Netlist Hierarchy                  : As_Optimized
RTL Output                         : Yes
Global Optimization                : AllClockNets
Read Cores                         : YES
Write Timing Constraints           : NO
Cross Clock Analysis               : NO
Hierarchy Separator                : /
Bus Delimiter                      : <>
Case Specifier                     : Maintain
Slice Utilization Ratio            : 100
BRAM Utilization Ratio             : 100
DSP48 Utilization Ratio            : 100
Auto BRAM Packing                  : NO
Slice Utilization Ratio Delta      : 5

---- Other Options
Cores Search Directories           : {"ipcore_dir"  }

=========================================================================


=========================================================================
*                          HDL Parsing                                  *
=========================================================================
Analyzing Verilog file "C:\Tito\Facultad\Arquitecturas de las computadoras\Tp Final\PracticoFinal_MIPS\MIPS\signExtension.v" into library work
Parsing module <signExtension>.
Analyzing Verilog file "C:\Tito\Facultad\Arquitecturas de las computadoras\Tp Final\PracticoFinal_MIPS\MIPS\RegisterBank.v" into library work
Parsing module <RegisterBank>.
Analyzing Verilog file "C:\Tito\Facultad\Arquitecturas de las computadoras\Tp Final\PracticoFinal_MIPS\MIPS\pc.v" into library work
Parsing module <pc>.
Analyzing Verilog file "C:\Tito\Facultad\Arquitecturas de las computadoras\Tp Final\PracticoFinal_MIPS\MIPS\mux.v" into library work
Parsing module <mux>.
Analyzing Verilog file "C:\Tito\Facultad\Arquitecturas de las computadoras\Tp Final\PracticoFinal_MIPS\MIPS\ipcore_dir\rammemory.v" into library work
Parsing module <rammemory>.
Analyzing Verilog file "C:\Tito\Facultad\Arquitecturas de las computadoras\Tp Final\PracticoFinal_MIPS\MIPS\ipcore_dir\pmem.v" into library work
Parsing module <pmem>.
Analyzing Verilog file "C:\Tito\Facultad\Arquitecturas de las computadoras\Tp Final\PracticoFinal_MIPS\MIPS\GetRegAddr.v" into library work
Parsing module <GetRegAddr>.
Analyzing Verilog file "C:\Tito\Facultad\Arquitecturas de las computadoras\Tp Final\PracticoFinal_MIPS\MIPS\ControlModule.v" into library work
Parsing module <ControlModule>.
Analyzing Verilog file "C:\Tito\Facultad\Arquitecturas de las computadoras\Tp Final\PracticoFinal_MIPS\MIPS\branch_control.v" into library work
Parsing module <branch_control>.
Analyzing Verilog file "C:\Tito\Facultad\Arquitecturas de las computadoras\Tp Final\PracticoFinal_MIPS\MIPS\alu_control.v" into library work
Parsing module <alu_control>.
Analyzing Verilog file "C:\Tito\Facultad\Arquitecturas de las computadoras\Tp Final\PracticoFinal_MIPS\MIPS\alu.v" into library work
Parsing module <alu>.
Analyzing Verilog file "C:\Tito\Facultad\Arquitecturas de las computadoras\Tp Final\PracticoFinal_MIPS\MIPS\adder_32b.v" into library work
Parsing module <adder_32b>.
Analyzing Verilog file "C:\Tito\Facultad\Arquitecturas de las computadoras\Tp Final\PracticoFinal_MIPS\MIPS\wb.v" into library work
Parsing module <wb>.
Analyzing Verilog file "C:\Tito\Facultad\Arquitecturas de las computadoras\Tp Final\PracticoFinal_MIPS\MIPS\stage_if.v" into library work
Parsing module <stage_if>.
Analyzing Verilog file "C:\Tito\Facultad\Arquitecturas de las computadoras\Tp Final\PracticoFinal_MIPS\MIPS\stage_id.v" into library work
Parsing module <stage_id>.
Analyzing Verilog file "C:\Tito\Facultad\Arquitecturas de las computadoras\Tp Final\PracticoFinal_MIPS\MIPS\stage_exe.v" into library work
Parsing module <stage_exe>.
Analyzing Verilog file "C:\Tito\Facultad\Arquitecturas de las computadoras\Tp Final\PracticoFinal_MIPS\MIPS\mem.v" into library work
Parsing module <mem>.
Analyzing Verilog file "C:\Tito\Facultad\Arquitecturas de las computadoras\Tp Final\PracticoFinal_MIPS\MIPS\debuger_decodificator.v" into library work
Parsing module <debuger_decoder>.

=========================================================================
*                            HDL Elaboration                            *
=========================================================================

Elaborating module <debuger_decoder>.

Elaborating module <stage_if>.

Elaborating module <pc>.

Elaborating module <pmem>.
WARNING:HDLCompiler:1499 - "C:\Tito\Facultad\Arquitecturas de las computadoras\Tp Final\PracticoFinal_MIPS\MIPS\ipcore_dir\pmem.v" Line 39: Empty module <pmem> remains a black box.
WARNING:HDLCompiler:189 - "C:\Tito\Facultad\Arquitecturas de las computadoras\Tp Final\PracticoFinal_MIPS\MIPS\stage_if.v" Line 60: Size mismatch in connection of port <addra>. Formal port size is 11-bit while actual signal size is 32-bit.

Elaborating module <branch_control>.

Elaborating module <stage_id>.

Elaborating module <ControlModule>.

Elaborating module <RegisterBank>.

Elaborating module <signExtension>.

Elaborating module <GetRegAddr>.

Elaborating module <stage_exe>.

Elaborating module <adder_32b>.

Elaborating module <alu>.

Elaborating module <alu_control>.

Elaborating module <mem>.

Elaborating module <rammemory>.
WARNING:HDLCompiler:1499 - "C:\Tito\Facultad\Arquitecturas de las computadoras\Tp Final\PracticoFinal_MIPS\MIPS\ipcore_dir\rammemory.v" Line 39: Empty module <rammemory> remains a black box.
WARNING:HDLCompiler:189 - "C:\Tito\Facultad\Arquitecturas de las computadoras\Tp Final\PracticoFinal_MIPS\MIPS\mem.v" Line 40: Size mismatch in connection of port <addra>. Formal port size is 13-bit while actual signal size is 32-bit.

Elaborating module <wb>.

Elaborating module <mux>.

=========================================================================
*                           HDL Synthesis                               *
=========================================================================

Synthesizing Unit <debuger_decoder>.
    Related source file is "C:\Tito\Facultad\Arquitecturas de las computadoras\Tp Final\PracticoFinal_MIPS\MIPS\debuger_decodificator.v".
INFO:Xst:3210 - "C:\Tito\Facultad\Arquitecturas de las computadoras\Tp Final\PracticoFinal_MIPS\MIPS\debuger_decodificator.v" line 78: Output port <memRead> of the instance <ins_decoder> is unconnected or connected to loadless signal.
    Summary:
	no macro.
Unit <debuger_decoder> synthesized.

Synthesizing Unit <stage_if>.
    Related source file is "C:\Tito\Facultad\Arquitecturas de las computadoras\Tp Final\PracticoFinal_MIPS\MIPS\stage_if.v".
    Summary:
	no macro.
Unit <stage_if> synthesized.

Synthesizing Unit <pc>.
    Related source file is "C:\Tito\Facultad\Arquitecturas de las computadoras\Tp Final\PracticoFinal_MIPS\MIPS\pc.v".
    Found 32-bit register for signal <pc>.
    Found 32-bit adder for signal <pc[31]_GND_3_o_add_2_OUT> created at line 39.
    Summary:
	inferred   1 Adder/Subtractor(s).
	inferred  32 D-type flip-flop(s).
	inferred   1 Multiplexer(s).
Unit <pc> synthesized.

Synthesizing Unit <branch_control>.
    Related source file is "C:\Tito\Facultad\Arquitecturas de las computadoras\Tp Final\PracticoFinal_MIPS\MIPS\branch_control.v".
    Summary:
	inferred   1 Multiplexer(s).
Unit <branch_control> synthesized.

Synthesizing Unit <stage_id>.
    Related source file is "C:\Tito\Facultad\Arquitecturas de las computadoras\Tp Final\PracticoFinal_MIPS\MIPS\stage_id.v".
    Found 1-bit register for signal <isJump>.
    Found 1-bit register for signal <isNotConditional>.
    Found 1-bit register for signal <isEq>.
    Found 1-bit register for signal <memWrite>.
    Found 2-bit register for signal <wbi>.
    Found 1-bit register for signal <memRead>.
    Found 1-bit register for signal <aluSrc>.
    Found 32-bit register for signal <reg1>.
    Found 32-bit register for signal <reg2>.
    Found 32-bit register for signal <extendedInstr>.
    Found 1-bit register for signal <regDst>.
    Found 5-bit register for signal <regAddr1>.
    Found 5-bit register for signal <regAddr2>.
    Found 32-bit register for signal <pc_ex>.
    Found 4-bit register for signal <aluOp>.
    Summary:
	inferred 151 D-type flip-flop(s).
Unit <stage_id> synthesized.

Synthesizing Unit <ControlModule>.
    Related source file is "C:\Tito\Facultad\Arquitecturas de las computadoras\Tp Final\PracticoFinal_MIPS\MIPS\ControlModule.v".
    Summary:
	inferred   3 Multiplexer(s).
Unit <ControlModule> synthesized.

Synthesizing Unit <RegisterBank>.
    Related source file is "C:\Tito\Facultad\Arquitecturas de las computadoras\Tp Final\PracticoFinal_MIPS\MIPS\RegisterBank.v".
    Found 32-bit register for signal <registro2>.
    Found 1024-bit register for signal <n0050[1023:0]>.
    Found 32-bit register for signal <registro1>.
    Found 32-bit 32-to-1 multiplexer for signal <addr1[4]_data[31][31]_wide_mux_3_OUT> created at line 43.
    Found 32-bit 32-to-1 multiplexer for signal <addr2[4]_data[31][31]_wide_mux_4_OUT> created at line 44.
    Summary:
	inferred 1088 D-type flip-flop(s).
	inferred  34 Multiplexer(s).
Unit <RegisterBank> synthesized.

Synthesizing Unit <signExtension>.
    Related source file is "C:\Tito\Facultad\Arquitecturas de las computadoras\Tp Final\PracticoFinal_MIPS\MIPS\signExtension.v".
    Summary:
	no macro.
Unit <signExtension> synthesized.

Synthesizing Unit <GetRegAddr>.
    Related source file is "C:\Tito\Facultad\Arquitecturas de las computadoras\Tp Final\PracticoFinal_MIPS\MIPS\GetRegAddr.v".
WARNING:Xst:647 - Input <instr<10:0>> is never used. This port will be preserved and left unconnected if it belongs to a top-level block or it belongs to a sub-block and the hierarchy of this sub-block is preserved.
WARNING:Xst:647 - Input <instr<31:21>> is never used. This port will be preserved and left unconnected if it belongs to a top-level block or it belongs to a sub-block and the hierarchy of this sub-block is preserved.
    Summary:
	no macro.
Unit <GetRegAddr> synthesized.

Synthesizing Unit <stage_exe>.
    Related source file is "C:\Tito\Facultad\Arquitecturas de las computadoras\Tp Final\PracticoFinal_MIPS\MIPS\stage_exe.v".
    Found 32-bit register for signal <jump_address>.
    Found 1-bit register for signal <is_jump_o>.
    Found 1-bit register for signal <branch_eq_o>.
    Found 1-bit register for signal <branch_inc_o>.
    Found 1-bit register for signal <zero>.
    Found 2-bit register for signal <wbi_o>.
    Found 1-bit register for signal <M_o>.
    Found 32-bit register for signal <data_b_o>.
    Found 5-bit register for signal <regaddr_o>.
    Found 32-bit register for signal <out>.
    Summary:
	inferred 108 D-type flip-flop(s).
	inferred   2 Multiplexer(s).
Unit <stage_exe> synthesized.

Synthesizing Unit <adder_32b>.
    Related source file is "C:\Tito\Facultad\Arquitecturas de las computadoras\Tp Final\PracticoFinal_MIPS\MIPS\adder_32b.v".
    Found 32-bit adder for signal <c> created at line 29.
    Summary:
	inferred   1 Adder/Subtractor(s).
Unit <adder_32b> synthesized.

Synthesizing Unit <alu>.
    Related source file is "C:\Tito\Facultad\Arquitecturas de las computadoras\Tp Final\PracticoFinal_MIPS\MIPS\alu.v".
    Found 32-bit subtractor for signal <a[31]_b[31]_sub_3_OUT> created at line 35.
    Found 32-bit adder for signal <a[31]_b[31]_add_1_OUT> created at line 34.
    Found 32-bit shifter logical left for signal <b[31]_a[31]_shift_left_10_OUT> created at line 41
    Found 32-bit shifter logical right for signal <b[31]_a[31]_shift_right_12_OUT> created at line 43
    Found 32-bit 11-to-1 multiplexer for signal <out> created at line 33.
    Summary:
	inferred   1 Adder/Subtractor(s).
	inferred  11 Multiplexer(s).
	inferred   2 Combinational logic shifter(s).
Unit <alu> synthesized.

Synthesizing Unit <alu_control>.
    Related source file is "C:\Tito\Facultad\Arquitecturas de las computadoras\Tp Final\PracticoFinal_MIPS\MIPS\alu_control.v".
    Summary:
	inferred   1 Multiplexer(s).
Unit <alu_control> synthesized.

Synthesizing Unit <mem>.
    Related source file is "C:\Tito\Facultad\Arquitecturas de las computadoras\Tp Final\PracticoFinal_MIPS\MIPS\mem.v".
    Found 32-bit register for signal <datafromimm>.
    Found 32-bit register for signal <datafrommem>.
    Found 5-bit register for signal <regaddrout>.
    Found 2-bit register for signal <wbo>.
    Summary:
	inferred  71 D-type flip-flop(s).
Unit <mem> synthesized.

Synthesizing Unit <wb>.
    Related source file is "C:\Tito\Facultad\Arquitecturas de las computadoras\Tp Final\PracticoFinal_MIPS\MIPS\wb.v".
    Summary:
	no macro.
Unit <wb> synthesized.

Synthesizing Unit <mux>.
    Related source file is "C:\Tito\Facultad\Arquitecturas de las computadoras\Tp Final\PracticoFinal_MIPS\MIPS\mux.v".
    Summary:
	inferred   1 Multiplexer(s).
Unit <mux> synthesized.

=========================================================================
HDL Synthesis Report

Macro Statistics
# Adders/Subtractors                                   : 3
 32-bit adder                                          : 2
 32-bit addsub                                         : 1
# Registers                                            : 33
 1-bit register                                        : 12
 1024-bit register                                     : 1
 2-bit register                                        : 3
 32-bit register                                       : 12
 4-bit register                                        : 1
 5-bit register                                        : 4
# Multiplexers                                         : 54
 1-bit 2-to-1 multiplexer                              : 1
 32-bit 2-to-1 multiplexer                             : 46
 32-bit 32-to-1 multiplexer                            : 2
 4-bit 2-to-1 multiplexer                              : 4
 5-bit 2-to-1 multiplexer                              : 1
# Logic shifters                                       : 2
 32-bit shifter logical left                           : 1
 32-bit shifter logical right                          : 1
# Xors                                                 : 2
 1-bit xor2                                            : 1
 32-bit xor2                                           : 1

=========================================================================
INFO:Xst:1767 - HDL ADVISOR - Resource sharing has identified that some arithmetic operations in this design can share the same physical resources for reduced device utilization. For improved clock frequency you may try to disable resource sharing.

=========================================================================
*                       Advanced HDL Synthesis                          *
=========================================================================

Reading core <ipcore_dir/pmem.ngc>.
Reading core <ipcore_dir/rammemory.ngc>.
Loading core <pmem> for timing and area information for instance <pmemory>.
Loading core <rammemory> for timing and area information for instance <memory>.

Synthesizing (advanced) Unit <pc>.
The following registers are absorbed into counter <pc>: 1 register on signal <pc>.
Unit <pc> synthesized (advanced).

=========================================================================
Advanced HDL Synthesis Report

Macro Statistics
# Adders/Subtractors                                   : 2
 32-bit adder                                          : 1
 32-bit addsub                                         : 1
# Counters                                             : 1
 32-bit up counter                                     : 1
# Registers                                            : 1418
 Flip-Flops                                            : 1418
# Multiplexers                                         : 52
 32-bit 2-to-1 multiplexer                             : 45
 32-bit 32-to-1 multiplexer                            : 2
 4-bit 2-to-1 multiplexer                              : 4
 5-bit 2-to-1 multiplexer                              : 1
# Logic shifters                                       : 2
 32-bit shifter logical left                           : 1
 32-bit shifter logical right                          : 1
# Xors                                                 : 2
 1-bit xor2                                            : 1
 32-bit xor2                                           : 1

=========================================================================

=========================================================================
*                         Low Level Synthesis                           *
=========================================================================
INFO:Xst:2261 - The FF/Latch <extendedInstr_11> in Unit <stage_id> is equivalent to the following FF/Latch, which will be removed : <regAddr1_0> 
INFO:Xst:2261 - The FF/Latch <extendedInstr_12> in Unit <stage_id> is equivalent to the following FF/Latch, which will be removed : <regAddr1_1> 
INFO:Xst:2261 - The FF/Latch <extendedInstr_13> in Unit <stage_id> is equivalent to the following FF/Latch, which will be removed : <regAddr1_2> 
INFO:Xst:2261 - The FF/Latch <extendedInstr_14> in Unit <stage_id> is equivalent to the following FF/Latch, which will be removed : <regAddr1_3> 
INFO:Xst:2261 - The FF/Latch <extendedInstr_15> in Unit <stage_id> is equivalent to the following 17 FFs/Latches, which will be removed : <extendedInstr_16> <extendedInstr_17> <extendedInstr_18> <extendedInstr_19> <extendedInstr_20> <extendedInstr_21> <extendedInstr_22> <extendedInstr_23> <extendedInstr_24> <extendedInstr_25> <extendedInstr_26> <extendedInstr_27> <extendedInstr_28> <extendedInstr_29> <extendedInstr_30> <extendedInstr_31> <regAddr1_4> 

Optimizing unit <mem> ...

Optimizing unit <debuger_decoder> ...

Optimizing unit <stage_id> ...

Optimizing unit <RegisterBank> ...

Optimizing unit <stage_exe> ...

Optimizing unit <alu> ...
WARNING:Xst:2677 - Node <instr_fetch/pc_reg/pc_11> of sequential type is unconnected in block <debuger_decoder>.
WARNING:Xst:2677 - Node <instr_fetch/pc_reg/pc_12> of sequential type is unconnected in block <debuger_decoder>.
WARNING:Xst:2677 - Node <instr_fetch/pc_reg/pc_13> of sequential type is unconnected in block <debuger_decoder>.
WARNING:Xst:2677 - Node <instr_fetch/pc_reg/pc_14> of sequential type is unconnected in block <debuger_decoder>.
WARNING:Xst:2677 - Node <instr_fetch/pc_reg/pc_15> of sequential type is unconnected in block <debuger_decoder>.
WARNING:Xst:2677 - Node <instr_fetch/pc_reg/pc_16> of sequential type is unconnected in block <debuger_decoder>.
WARNING:Xst:2677 - Node <instr_fetch/pc_reg/pc_17> of sequential type is unconnected in block <debuger_decoder>.
WARNING:Xst:2677 - Node <instr_fetch/pc_reg/pc_18> of sequential type is unconnected in block <debuger_decoder>.
WARNING:Xst:2677 - Node <instr_fetch/pc_reg/pc_19> of sequential type is unconnected in block <debuger_decoder>.
WARNING:Xst:2677 - Node <instr_fetch/pc_reg/pc_20> of sequential type is unconnected in block <debuger_decoder>.
WARNING:Xst:2677 - Node <instr_fetch/pc_reg/pc_21> of sequential type is unconnected in block <debuger_decoder>.
WARNING:Xst:2677 - Node <instr_fetch/pc_reg/pc_22> of sequential type is unconnected in block <debuger_decoder>.
WARNING:Xst:2677 - Node <instr_fetch/pc_reg/pc_23> of sequential type is unconnected in block <debuger_decoder>.
WARNING:Xst:2677 - Node <instr_fetch/pc_reg/pc_24> of sequential type is unconnected in block <debuger_decoder>.
WARNING:Xst:2677 - Node <instr_fetch/pc_reg/pc_25> of sequential type is unconnected in block <debuger_decoder>.
WARNING:Xst:2677 - Node <instr_fetch/pc_reg/pc_26> of sequential type is unconnected in block <debuger_decoder>.
WARNING:Xst:2677 - Node <instr_fetch/pc_reg/pc_27> of sequential type is unconnected in block <debuger_decoder>.
WARNING:Xst:2677 - Node <instr_fetch/pc_reg/pc_28> of sequential type is unconnected in block <debuger_decoder>.
WARNING:Xst:2677 - Node <instr_fetch/pc_reg/pc_29> of sequential type is unconnected in block <debuger_decoder>.
WARNING:Xst:2677 - Node <instr_fetch/pc_reg/pc_30> of sequential type is unconnected in block <debuger_decoder>.
WARNING:Xst:2677 - Node <instr_fetch/pc_reg/pc_31> of sequential type is unconnected in block <debuger_decoder>.
WARNING:Xst:2677 - Node <ins_decoder/memRead> of sequential type is unconnected in block <debuger_decoder>.
WARNING:Xst:2677 - Node <ins_decoder/pc_ex_31> of sequential type is unconnected in block <debuger_decoder>.
WARNING:Xst:2677 - Node <ins_decoder/pc_ex_30> of sequential type is unconnected in block <debuger_decoder>.
WARNING:Xst:2677 - Node <ins_decoder/pc_ex_29> of sequential type is unconnected in block <debuger_decoder>.
WARNING:Xst:2677 - Node <ins_decoder/pc_ex_28> of sequential type is unconnected in block <debuger_decoder>.
WARNING:Xst:2677 - Node <ins_decoder/pc_ex_27> of sequential type is unconnected in block <debuger_decoder>.
WARNING:Xst:2677 - Node <ins_decoder/pc_ex_26> of sequential type is unconnected in block <debuger_decoder>.
WARNING:Xst:2677 - Node <ins_decoder/pc_ex_25> of sequential type is unconnected in block <debuger_decoder>.
WARNING:Xst:2677 - Node <ins_decoder/pc_ex_24> of sequential type is unconnected in block <debuger_decoder>.
WARNING:Xst:2677 - Node <ins_decoder/pc_ex_23> of sequential type is unconnected in block <debuger_decoder>.
WARNING:Xst:2677 - Node <ins_decoder/pc_ex_22> of sequential type is unconnected in block <debuger_decoder>.
WARNING:Xst:2677 - Node <ins_decoder/pc_ex_21> of sequential type is unconnected in block <debuger_decoder>.
WARNING:Xst:2677 - Node <ins_decoder/pc_ex_20> of sequential type is unconnected in block <debuger_decoder>.
WARNING:Xst:2677 - Node <ins_decoder/pc_ex_19> of sequential type is unconnected in block <debuger_decoder>.
WARNING:Xst:2677 - Node <ins_decoder/pc_ex_18> of sequential type is unconnected in block <debuger_decoder>.
WARNING:Xst:2677 - Node <ins_decoder/pc_ex_17> of sequential type is unconnected in block <debuger_decoder>.
WARNING:Xst:2677 - Node <ins_decoder/pc_ex_16> of sequential type is unconnected in block <debuger_decoder>.
WARNING:Xst:2677 - Node <ins_decoder/pc_ex_15> of sequential type is unconnected in block <debuger_decoder>.
WARNING:Xst:2677 - Node <ins_decoder/pc_ex_14> of sequential type is unconnected in block <debuger_decoder>.
WARNING:Xst:2677 - Node <ins_decoder/pc_ex_13> of sequential type is unconnected in block <debuger_decoder>.
WARNING:Xst:2677 - Node <ins_decoder/pc_ex_12> of sequential type is unconnected in block <debuger_decoder>.
WARNING:Xst:2677 - Node <ins_decoder/pc_ex_11> of sequential type is unconnected in block <debuger_decoder>.
WARNING:Xst:2677 - Node <exe/jump_address_31> of sequential type is unconnected in block <debuger_decoder>.
WARNING:Xst:2677 - Node <exe/jump_address_30> of sequential type is unconnected in block <debuger_decoder>.
WARNING:Xst:2677 - Node <exe/jump_address_29> of sequential type is unconnected in block <debuger_decoder>.
WARNING:Xst:2677 - Node <exe/jump_address_28> of sequential type is unconnected in block <debuger_decoder>.
WARNING:Xst:2677 - Node <exe/jump_address_27> of sequential type is unconnected in block <debuger_decoder>.
WARNING:Xst:2677 - Node <exe/jump_address_26> of sequential type is unconnected in block <debuger_decoder>.
WARNING:Xst:2677 - Node <exe/jump_address_25> of sequential type is unconnected in block <debuger_decoder>.
WARNING:Xst:2677 - Node <exe/jump_address_24> of sequential type is unconnected in block <debuger_decoder>.
WARNING:Xst:2677 - Node <exe/jump_address_23> of sequential type is unconnected in block <debuger_decoder>.
WARNING:Xst:2677 - Node <exe/jump_address_22> of sequential type is unconnected in block <debuger_decoder>.
WARNING:Xst:2677 - Node <exe/jump_address_21> of sequential type is unconnected in block <debuger_decoder>.
WARNING:Xst:2677 - Node <exe/jump_address_20> of sequential type is unconnected in block <debuger_decoder>.
WARNING:Xst:2677 - Node <exe/jump_address_19> of sequential type is unconnected in block <debuger_decoder>.
WARNING:Xst:2677 - Node <exe/jump_address_18> of sequential type is unconnected in block <debuger_decoder>.
WARNING:Xst:2677 - Node <exe/jump_address_17> of sequential type is unconnected in block <debuger_decoder>.
WARNING:Xst:2677 - Node <exe/jump_address_16> of sequential type is unconnected in block <debuger_decoder>.
WARNING:Xst:2677 - Node <exe/jump_address_15> of sequential type is unconnected in block <debuger_decoder>.
WARNING:Xst:2677 - Node <exe/jump_address_14> of sequential type is unconnected in block <debuger_decoder>.
WARNING:Xst:2677 - Node <exe/jump_address_13> of sequential type is unconnected in block <debuger_decoder>.
WARNING:Xst:2677 - Node <exe/jump_address_12> of sequential type is unconnected in block <debuger_decoder>.
WARNING:Xst:2677 - Node <exe/jump_address_11> of sequential type is unconnected in block <debuger_decoder>.

Mapping all equations...
Building and optimizing final netlist ...
Found area constraint ratio of 100 (+ 5) on block debuger_decoder, actual ratio is 32.
FlipFlop ins_decoder/aluSrc has been replicated 6 time(s)
FlipFlop ins_decoder/extendedInstr_0 has been replicated 1 time(s)
FlipFlop ins_decoder/extendedInstr_1 has been replicated 1 time(s)
FlipFlop ins_decoder/extendedInstr_15 has been replicated 1 time(s)
FlipFlop ins_decoder/extendedInstr_2 has been replicated 1 time(s)
FlipFlop ins_decoder/extendedInstr_5 has been replicated 1 time(s)
FlipFlop ins_decoder/reg1_0 has been replicated 3 time(s)
FlipFlop ins_decoder/reg1_1 has been replicated 4 time(s)
FlipFlop ins_decoder/reg1_3 has been replicated 1 time(s)

Final Macro Processing ...

Processing Unit <debuger_decoder> :
	Found 2-bit shift register for signal <ins_decoder/reg2_31>.
	Found 2-bit shift register for signal <ins_decoder/reg2_30>.
	Found 2-bit shift register for signal <ins_decoder/reg2_29>.
	Found 2-bit shift register for signal <ins_decoder/reg2_28>.
	Found 2-bit shift register for signal <ins_decoder/reg2_27>.
	Found 2-bit shift register for signal <ins_decoder/reg2_26>.
	Found 2-bit shift register for signal <ins_decoder/reg2_25>.
	Found 2-bit shift register for signal <ins_decoder/reg2_24>.
	Found 2-bit shift register for signal <ins_decoder/reg2_23>.
	Found 2-bit shift register for signal <ins_decoder/reg2_22>.
	Found 2-bit shift register for signal <ins_decoder/reg2_21>.
	Found 2-bit shift register for signal <ins_decoder/reg2_20>.
	Found 2-bit shift register for signal <ins_decoder/reg2_19>.
	Found 2-bit shift register for signal <ins_decoder/reg2_18>.
	Found 2-bit shift register for signal <ins_decoder/reg2_17>.
	Found 2-bit shift register for signal <ins_decoder/reg2_16>.
	Found 2-bit shift register for signal <ins_decoder/reg2_15>.
	Found 2-bit shift register for signal <ins_decoder/reg2_14>.
	Found 2-bit shift register for signal <ins_decoder/reg2_13>.
	Found 2-bit shift register for signal <ins_decoder/reg2_12>.
	Found 2-bit shift register for signal <ins_decoder/reg2_11>.
	Found 2-bit shift register for signal <ins_decoder/reg2_10>.
	Found 2-bit shift register for signal <ins_decoder/reg2_9>.
	Found 2-bit shift register for signal <ins_decoder/reg2_8>.
	Found 2-bit shift register for signal <ins_decoder/reg2_7>.
	Found 2-bit shift register for signal <ins_decoder/reg2_6>.
	Found 2-bit shift register for signal <ins_decoder/reg2_5>.
	Found 2-bit shift register for signal <ins_decoder/reg2_4>.
	Found 2-bit shift register for signal <ins_decoder/reg2_3>.
	Found 2-bit shift register for signal <ins_decoder/reg2_2>.
	Found 2-bit shift register for signal <ins_decoder/reg2_1>.
	Found 2-bit shift register for signal <ins_decoder/reg2_0>.
	Found 2-bit shift register for signal <ins_decoder/reg1_31>.
	Found 2-bit shift register for signal <ins_decoder/reg1_30>.
	Found 2-bit shift register for signal <ins_decoder/reg1_29>.
	Found 2-bit shift register for signal <ins_decoder/reg1_28>.
	Found 2-bit shift register for signal <ins_decoder/reg1_27>.
	Found 2-bit shift register for signal <ins_decoder/reg1_26>.
	Found 2-bit shift register for signal <ins_decoder/reg1_25>.
	Found 2-bit shift register for signal <ins_decoder/reg1_24>.
	Found 2-bit shift register for signal <ins_decoder/reg1_23>.
	Found 2-bit shift register for signal <ins_decoder/reg1_22>.
	Found 2-bit shift register for signal <ins_decoder/reg1_21>.
	Found 2-bit shift register for signal <ins_decoder/reg1_20>.
	Found 2-bit shift register for signal <ins_decoder/reg1_19>.
	Found 2-bit shift register for signal <ins_decoder/reg1_18>.
	Found 2-bit shift register for signal <ins_decoder/reg1_17>.
	Found 2-bit shift register for signal <ins_decoder/reg1_16>.
	Found 2-bit shift register for signal <ins_decoder/reg1_15>.
	Found 2-bit shift register for signal <ins_decoder/reg1_14>.
	Found 2-bit shift register for signal <ins_decoder/reg1_13>.
	Found 2-bit shift register for signal <ins_decoder/reg1_12>.
	Found 2-bit shift register for signal <ins_decoder/reg1_11>.
	Found 2-bit shift register for signal <ins_decoder/reg1_10>.
	Found 2-bit shift register for signal <ins_decoder/reg1_9>.
	Found 2-bit shift register for signal <ins_decoder/reg1_8>.
	Found 2-bit shift register for signal <ins_decoder/reg1_7>.
	Found 2-bit shift register for signal <ins_decoder/reg1_6>.
	Found 2-bit shift register for signal <ins_decoder/reg1_5>.
	Found 2-bit shift register for signal <ins_decoder/reg1_4>.
	Found 2-bit shift register for signal <ins_decoder/reg1_2>.
	Found 2-bit shift register for signal <exe/branch_inc_o>.
	Found 2-bit shift register for signal <exe/branch_eq_o>.
Unit <debuger_decoder> processed.

=========================================================================
Final Register Report

Macro Statistics
# Registers                                            : 1258
 Flip-Flops                                            : 1258
# Shift Registers                                      : 63
 2-bit shift register                                  : 63

=========================================================================

=========================================================================
*                           Partition Report                            *
=========================================================================

Partition Implementation Status
-------------------------------

  No Partitions were found in this design.

-------------------------------

=========================================================================
*                            Design Summary                             *
=========================================================================

Top Level Output File Name         : debuger_decoder.ngc

Primitive and Black Box Usage:
------------------------------
# BELS                             : 2469
#      GND                         : 5
#      INV                         : 5
#      LUT2                        : 29
#      LUT3                        : 66
#      LUT4                        : 13
#      LUT5                        : 1181
#      LUT6                        : 968
#      MUXCY                       : 51
#      MUXF7                       : 93
#      VCC                         : 4
#      XORCY                       : 54
# FlipFlops/Latches                : 1323
#      FD                          : 139
#      FDE                         : 105
#      FDR                         : 55
#      FDRE_1                      : 1024
# RAMS                             : 19
#      RAMB16BWER                  : 18
#      RAMB8BWER                   : 1
# Shift Registers                  : 63
#      SRLC16E                     : 63
# Clock Buffers                    : 1
#      BUFGP                       : 1
# IO Buffers                       : 1
#      IBUF                        : 1

Device utilization summary:
---------------------------

Selected Device : 6slx16csg324-3 


Slice Logic Utilization: 
 Number of Slice Registers:            1323  out of  18224     7%  
 Number of Slice LUTs:                 2325  out of   9112    25%  
    Number used as Logic:              2262  out of   9112    24%  
    Number used as Memory:               63  out of   2176     2%  
       Number used as SRL:               63

Slice Logic Distribution: 
 Number of LUT Flip Flop pairs used:   2478
   Number with an unused Flip Flop:    1155  out of   2478    46%  
   Number with an unused LUT:           153  out of   2478     6%  
   Number of fully used LUT-FF pairs:  1170  out of   2478    47%  
   Number of unique control sets:         7

IO Utilization: 
 Number of IOs:                           2
 Number of bonded IOBs:                   2  out of    232     0%  

Specific Feature Utilization:
 Number of Block RAM/FIFO:               19  out of     32    59%  
    Number using Block RAM only:         19
 Number of BUFG/BUFGCTRLs:                1  out of     16     6%  

---------------------------
Partition Resource Summary:
---------------------------

  No Partitions were found in this design.

---------------------------


=========================================================================
Timing Report

NOTE: THESE TIMING NUMBERS ARE ONLY A SYNTHESIS ESTIMATE.
      FOR ACCURATE TIMING INFORMATION PLEASE REFER TO THE TRACE REPORT
      GENERATED AFTER PLACE-and-ROUTE.

Clock Information:
------------------
-----------------------------------+----------------------------------------------------------------------------------------------------------------------------------------------+-------+
Clock Signal                       | Clock buffer(FF name)                                                                                                                        | Load  |
-----------------------------------+----------------------------------------------------------------------------------------------------------------------------------------------+-------+
clk                                | BUFGP                                                                                                                                        | 1405  |
instr_fetch/pmemory/N1             | NONE(instr_fetch/pmemory/U0/xst_blk_mem_generator/gnativebmg.native_blk_mem_gen/valid.cstr/ramloop[0].ram.r/s6_init.ram/SP.SIMPLE_PRIM18.ram)| 4     |
stage_mem/memory/N1                | NONE(stage_mem/memory/U0/xst_blk_mem_generator/gnativebmg.native_blk_mem_gen/valid.cstr/ramloop[2].ram.r/s6_init.ram/SP.SIMPLE_PRIM18.ram)   | 15    |
-----------------------------------+----------------------------------------------------------------------------------------------------------------------------------------------+-------+
INFO:Xst:2169 - HDL ADVISOR - Some clock signals were not automatically buffered by XST with BUFG/BUFR resources. Please use the buffer_type constraint in order to insert these buffers to the clock signals to help prevent skew problems.

Asynchronous Control Signals Information:
----------------------------------------
No asynchronous control signals found in this design

Timing Summary:
---------------
Speed Grade: -3

   Minimum period: 8.722ns (Maximum Frequency: 114.647MHz)
   Minimum input arrival time before clock: 5.384ns
   Maximum output required time after clock: No path found
   Maximum combinational path delay: No path found

Timing Details:
---------------
All values displayed in nanoseconds (ns)

=========================================================================
Timing constraint: Default period analysis for Clock 'clk'
  Clock period: 8.722ns (frequency: 114.647MHz)
  Total number of paths / destination ports: 59826 / 2808
-------------------------------------------------------------------------
Delay:               8.722ns (Levels of Logic = 8)
  Source:            ins_decoder/reg1_31 (FF)
  Destination:       exe/zero (FF)
  Source Clock:      clk rising
  Destination Clock: clk rising

  Data Path: ins_decoder/reg1_31 to exe/zero
                                Gate     Net
    Cell:in->out      fanout   Delay   Delay  Logical Name (Net Name)
    ----------------------------------------  ------------
     FDE:C->Q              4   0.447   1.048  ins_decoder/reg1_31 (ins_decoder/reg1_31)
     LUT6:I0->O            2   0.203   0.864  exe/arith_log_unit/out2 (exe/arith_log_unit/out1)
     LUT6:I2->O           18   0.203   1.050  exe/arith_log_unit/out7 (exe/arith_log_unit/_n0028)
     LUT6:I5->O           10   0.205   0.857  exe/arith_log_unit/Mmux_out102431_1 (exe/arith_log_unit/Mmux_out102431)
     LUT6:I5->O            1   0.205   0.580  exe/arith_log_unit/Mmux_out10841 (exe/arith_log_unit/Mmux_out1084)
     LUT5:I4->O            2   0.205   0.981  exe/arith_log_unit/Mmux_out10846 (exe/t_out<5>)
     LUT6:I0->O            1   0.203   0.580  exe/arith_log_unit/zero1 (exe/arith_log_unit/zero)
     LUT6:I5->O            1   0.205   0.580  exe/arith_log_unit/zero3 (exe/arith_log_unit/zero2)
     LUT6:I5->O            1   0.205   0.000  exe/arith_log_unit/zero7 (exe/t_zero)
     FD:D                      0.102          exe/zero
    ----------------------------------------
    Total                      8.722ns (2.183ns logic, 6.539ns route)
                                       (25.0% logic, 75.0% route)

=========================================================================
Timing constraint: Default OFFSET IN BEFORE for Clock 'clk'
  Total number of paths / destination ports: 1134 / 1134
-------------------------------------------------------------------------
Offset:              5.384ns (Levels of Logic = 2)
  Source:            reset (PAD)
  Destination:       exe/regaddr_o_4 (FF)
  Destination Clock: clk rising

  Data Path: reset to exe/regaddr_o_4
                                Gate     Net
    Cell:in->out      fanout   Delay   Delay  Logical Name (Net Name)
    ----------------------------------------  ------------
     IBUF:I->O          1095   1.222   2.229  reset_IBUF (reset_IBUF)
     INV:I->O             40   0.206   1.405  exe/reset_inv1_INV_0 (exe/reset_inv)
     FDE:CE                    0.322          exe/data_b_o_0
    ----------------------------------------
    Total                      5.384ns (1.750ns logic, 3.634ns route)
                                       (32.5% logic, 67.5% route)

=========================================================================

Cross Clock Domains Report:
--------------------------

Clock to Setup on destination clock clk
---------------+---------+---------+---------+---------+
               | Src:Rise| Src:Fall| Src:Rise| Src:Fall|
Source Clock   |Dest:Rise|Dest:Rise|Dest:Fall|Dest:Fall|
---------------+---------+---------+---------+---------+
clk            |    8.722|    2.820|    3.885|         |
---------------+---------+---------+---------+---------+

=========================================================================


Total REAL time to Xst completion: 25.00 secs
Total CPU time to Xst completion: 25.15 secs
 
--> 

Total memory usage is 268340 kilobytes

Number of errors   :    0 (   0 filtered)
Number of warnings :   70 (   0 filtered)
Number of infos    :    8 (   0 filtered)

