Release 14.1 - xst P.15xf (nt64)
Copyright (c) 1995-2012 Xilinx, Inc.  All rights reserved.
--> Parameter TMPDIR set to xst/projnav.tmp


Total REAL time to Xst completion: 0.00 secs
Total CPU time to Xst completion: 0.09 secs
 
--> Parameter xsthdpdir set to xst


Total REAL time to Xst completion: 0.00 secs
Total CPU time to Xst completion: 0.09 secs
 
--> Reading design: stage_exe.prj

TABLE OF CONTENTS
  1) Synthesis Options Summary
  2) HDL Parsing
  3) HDL Elaboration
  4) HDL Synthesis
       4.1) HDL Synthesis Report
  5) Advanced HDL Synthesis
       5.1) Advanced HDL Synthesis Report
  6) Low Level Synthesis
  7) Partition Report
  8) Design Summary
       8.1) Primitive and Black Box Usage
       8.2) Device utilization summary
       8.3) Partition Resource Summary
       8.4) Timing Report
            8.4.1) Clock Information
            8.4.2) Asynchronous Control Signals Information
            8.4.3) Timing Summary
            8.4.4) Timing Details
            8.4.5) Cross Clock Domains Report


=========================================================================
*                      Synthesis Options Summary                        *
=========================================================================
---- Source Parameters
Input File Name                    : "stage_exe.prj"
Ignore Synthesis Constraint File   : NO

---- Target Parameters
Output File Name                   : "stage_exe"
Output Format                      : NGC
Target Device                      : xc6slx16-3-csg324

---- Source Options
Top Module Name                    : stage_exe
Automatic FSM Extraction           : YES
FSM Encoding Algorithm             : Auto
Safe Implementation                : No
FSM Style                          : LUT
RAM Extraction                     : Yes
RAM Style                          : Auto
ROM Extraction                     : Yes
Shift Register Extraction          : YES
ROM Style                          : Auto
Resource Sharing                   : YES
Asynchronous To Synchronous        : NO
Shift Register Minimum Size        : 2
Use DSP Block                      : Auto
Automatic Register Balancing       : No

---- Target Options
LUT Combining                      : Auto
Reduce Control Sets                : Auto
Add IO Buffers                     : YES
Global Maximum Fanout              : 100000
Add Generic Clock Buffer(BUFG)     : 16
Register Duplication               : YES
Optimize Instantiated Primitives   : NO
Use Clock Enable                   : Auto
Use Synchronous Set                : Auto
Use Synchronous Reset              : Auto
Pack IO Registers into IOBs        : Auto
Equivalent register Removal        : YES

---- General Options
Optimization Goal                  : Speed
Optimization Effort                : 1
Power Reduction                    : NO
Keep Hierarchy                     : No
Netlist Hierarchy                  : As_Optimized
RTL Output                         : Yes
Global Optimization                : AllClockNets
Read Cores                         : YES
Write Timing Constraints           : NO
Cross Clock Analysis               : NO
Hierarchy Separator                : /
Bus Delimiter                      : <>
Case Specifier                     : Maintain
Slice Utilization Ratio            : 100
BRAM Utilization Ratio             : 100
DSP48 Utilization Ratio            : 100
Auto BRAM Packing                  : NO
Slice Utilization Ratio Delta      : 5

---- Other Options
Cores Search Directories           : {"ipcore_dir"  }

=========================================================================


=========================================================================
*                          HDL Parsing                                  *
=========================================================================
Analyzing Verilog file "C:\Tito\Facultad\Arquitecturas de las computadoras\Tp Final\PracticoFinal_MIPS\MIPS\alu_control.v" into library work
Parsing module <alu_control>.
Analyzing Verilog file "C:\Tito\Facultad\Arquitecturas de las computadoras\Tp Final\PracticoFinal_MIPS\MIPS\alu.v" into library work
Parsing module <alu>.
Analyzing Verilog file "C:\Tito\Facultad\Arquitecturas de las computadoras\Tp Final\PracticoFinal_MIPS\MIPS\stage_exe.v" into library work
Parsing module <stage_exe>.

=========================================================================
*                            HDL Elaboration                            *
=========================================================================

Elaborating module <stage_exe>.

Elaborating module <alu>.

Elaborating module <alu_control>.

=========================================================================
*                           HDL Synthesis                               *
=========================================================================

Synthesizing Unit <stage_exe>.
    Related source file is "C:\Tito\Facultad\Arquitecturas de las computadoras\Tp Final\PracticoFinal_MIPS\MIPS\stage_exe.v".
    Found 32-bit register for signal <jump_address>.
    Found 1-bit register for signal <zero>.
    Found 1-bit register for signal <is_jump_o>.
    Found 1-bit register for signal <branch_eq_o>.
    Found 1-bit register for signal <branch_inc_o>.
    Found 2-bit register for signal <wbi_o>.
    Found 1-bit register for signal <M_o>.
    Found 32-bit register for signal <data_b_o>.
    Found 5-bit register for signal <regaddr_o>.
    Found 32-bit register for signal <out>.
    Found 32-bit adder for signal <npc[31]_data_imm[31]_add_2_OUT> created at line 85.
    Summary:
	inferred   1 Adder/Subtractor(s).
	inferred 108 D-type flip-flop(s).
	inferred   2 Multiplexer(s).
Unit <stage_exe> synthesized.

Synthesizing Unit <alu>.
    Related source file is "C:\Tito\Facultad\Arquitecturas de las computadoras\Tp Final\PracticoFinal_MIPS\MIPS\alu.v".
    Found 32-bit subtractor for signal <a[31]_b[31]_sub_3_OUT> created at line 35.
    Found 32-bit adder for signal <a[31]_b[31]_add_1_OUT> created at line 34.
    Found 32-bit shifter logical left for signal <b[31]_a[31]_shift_left_10_OUT> created at line 41
    Found 32-bit shifter logical right for signal <b[31]_a[31]_shift_right_12_OUT> created at line 43
    Found 32-bit 11-to-1 multiplexer for signal <out> created at line 33.
    Summary:
	inferred   1 Adder/Subtractor(s).
	inferred  11 Multiplexer(s).
	inferred   2 Combinational logic shifter(s).
Unit <alu> synthesized.

Synthesizing Unit <alu_control>.
    Related source file is "C:\Tito\Facultad\Arquitecturas de las computadoras\Tp Final\PracticoFinal_MIPS\MIPS\alu_control.v".
    Summary:
	inferred   1 Multiplexer(s).
Unit <alu_control> synthesized.

=========================================================================
HDL Synthesis Report

Macro Statistics
# Adders/Subtractors                                   : 2
 32-bit adder                                          : 1
 32-bit addsub                                         : 1
# Registers                                            : 10
 1-bit register                                        : 5
 2-bit register                                        : 1
 32-bit register                                       : 3
 5-bit register                                        : 1
# Multiplexers                                         : 14
 32-bit 2-to-1 multiplexer                             : 12
 4-bit 2-to-1 multiplexer                              : 1
 5-bit 2-to-1 multiplexer                              : 1
# Logic shifters                                       : 2
 32-bit shifter logical left                           : 1
 32-bit shifter logical right                          : 1
# Xors                                                 : 1
 32-bit xor2                                           : 1

=========================================================================
INFO:Xst:1767 - HDL ADVISOR - Resource sharing has identified that some arithmetic operations in this design can share the same physical resources for reduced device utilization. For improved clock frequency you may try to disable resource sharing.

=========================================================================
*                       Advanced HDL Synthesis                          *
=========================================================================


=========================================================================
Advanced HDL Synthesis Report

Macro Statistics
# Adders/Subtractors                                   : 2
 32-bit adder                                          : 1
 32-bit addsub                                         : 1
# Registers                                            : 108
 Flip-Flops                                            : 108
# Multiplexers                                         : 14
 32-bit 2-to-1 multiplexer                             : 12
 4-bit 2-to-1 multiplexer                              : 1
 5-bit 2-to-1 multiplexer                              : 1
# Logic shifters                                       : 2
 32-bit shifter logical left                           : 1
 32-bit shifter logical right                          : 1
# Xors                                                 : 1
 32-bit xor2                                           : 1

=========================================================================

=========================================================================
*                         Low Level Synthesis                           *
=========================================================================

Optimizing unit <stage_exe> ...

Optimizing unit <alu> ...

Mapping all equations...
Building and optimizing final netlist ...
Found area constraint ratio of 100 (+ 5) on block stage_exe, actual ratio is 6.

Final Macro Processing ...

=========================================================================
Final Register Report

Macro Statistics
# Registers                                            : 108
 Flip-Flops                                            : 108

=========================================================================

=========================================================================
*                           Partition Report                            *
=========================================================================

Partition Implementation Status
-------------------------------

  No Partitions were found in this design.

-------------------------------

=========================================================================
*                            Design Summary                             *
=========================================================================

Top Level Output File Name         : stage_exe.ngc

Primitive and Black Box Usage:
------------------------------
# BELS                             : 559
#      GND                         : 1
#      INV                         : 1
#      LUT2                        : 44
#      LUT3                        : 79
#      LUT4                        : 13
#      LUT5                        : 97
#      LUT6                        : 195
#      MUXCY                       : 62
#      MUXF7                       : 3
#      XORCY                       : 64
# FlipFlops/Latches                : 108
#      FDE                         : 44
#      FDR                         : 64
# Clock Buffers                    : 1
#      BUFGP                       : 1
# IO Buffers                       : 259
#      IBUF                        : 151
#      OBUF                        : 108

Device utilization summary:
---------------------------

Selected Device : 6slx16csg324-3 


Slice Logic Utilization: 
 Number of Slice LUTs:                  429  out of   9112     4%  
    Number used as Logic:               429  out of   9112     4%  

Slice Logic Distribution: 
 Number of LUT Flip Flop pairs used:    429
   Number with an unused Flip Flop:     429  out of    429   100%  
   Number with an unused LUT:             0  out of    429     0%  
   Number of fully used LUT-FF pairs:     0  out of    429     0%  
   Number of unique control sets:         2

IO Utilization: 
 Number of IOs:                         260
 Number of bonded IOBs:                 260  out of    232   112% (*) 
    IOB Flip Flops/Latches:             108

Specific Feature Utilization:
 Number of BUFG/BUFGCTRLs:                1  out of     16     6%  

WARNING:Xst:1336 -  (*) More than 100% of Device resources are used

---------------------------
Partition Resource Summary:
---------------------------

  No Partitions were found in this design.

---------------------------


=========================================================================
Timing Report

NOTE: THESE TIMING NUMBERS ARE ONLY A SYNTHESIS ESTIMATE.
      FOR ACCURATE TIMING INFORMATION PLEASE REFER TO THE TRACE REPORT
      GENERATED AFTER PLACE-and-ROUTE.

Clock Information:
------------------
-----------------------------------+------------------------+-------+
Clock Signal                       | Clock buffer(FF name)  | Load  |
-----------------------------------+------------------------+-------+
clock                              | BUFGP                  | 108   |
-----------------------------------+------------------------+-------+

Asynchronous Control Signals Information:
----------------------------------------
No asynchronous control signals found in this design

Timing Summary:
---------------
Speed Grade: -3

   Minimum period: No path found
   Minimum input arrival time before clock: 12.665ns
   Maximum output required time after clock: 3.597ns
   Maximum combinational path delay: No path found

Timing Details:
---------------
All values displayed in nanoseconds (ns)

=========================================================================
Timing constraint: Default OFFSET IN BEFORE for Clock 'clock'
  Total number of paths / destination ports: 41929 / 216
-------------------------------------------------------------------------
Offset:              12.665ns (Levels of Logic = 11)
  Source:            control_use_b (PAD)
  Destination:       zero (FF)
  Destination Clock: clock rising

  Data Path: control_use_b to zero
                                Gate     Net
    Cell:in->out      fanout   Delay   Delay  Logical Name (Net Name)
    ----------------------------------------  ------------
     IBUF:I->O            89   1.222   2.033  control_use_b_IBUF (control_use_b_IBUF)
     LUT3:I0->O           11   0.205   1.130  Mmux_b_entry111 (b_entry<19>)
     LUT6:I2->O            2   0.203   0.721  arith_log_unit/Sh201 (arith_log_unit/Sh20)
     LUT3:I1->O            2   0.203   0.617  arith_log_unit/Sh5211 (arith_log_unit/Sh521)
     LUT6:I5->O            1   0.205   0.924  arith_log_unit/Mmux_out10397 (arith_log_unit/Mmux_out10397)
     LUT5:I0->O            1   0.203   0.580  arith_log_unit/Mmux_out10398_SW0 (N36)
     LUT6:I5->O            1   0.205   0.924  arith_log_unit/Mmux_out10398 (arith_log_unit/Mmux_out10398)
     LUT6:I1->O            2   0.203   0.721  arith_log_unit/Mmux_out10399 (t_out<20>)
     LUT6:I4->O            1   0.203   0.827  arith_log_unit/zero2 (arith_log_unit/zero1)
     LUT6:I2->O            1   0.203   0.827  arith_log_unit/zero4 (arith_log_unit/zero3)
     LUT6:I2->O            1   0.203   0.000  arith_log_unit/zero7 (t_zero)
     FDE:D                     0.102          zero
    ----------------------------------------
    Total                     12.665ns (3.360ns logic, 9.305ns route)
                                       (26.5% logic, 73.5% route)

=========================================================================
Timing constraint: Default OFFSET OUT AFTER for Clock 'clock'
  Total number of paths / destination ports: 108 / 108
-------------------------------------------------------------------------
Offset:              3.597ns (Levels of Logic = 1)
  Source:            jump_address_31 (FF)
  Destination:       jump_address<31> (PAD)
  Source Clock:      clock rising

  Data Path: jump_address_31 to jump_address<31>
                                Gate     Net
    Cell:in->out      fanout   Delay   Delay  Logical Name (Net Name)
    ----------------------------------------  ------------
     FDR:C->Q              1   0.447   0.579  jump_address_31 (jump_address_31)
     OBUF:I->O                 2.571          jump_address_31_OBUF (jump_address<31>)
    ----------------------------------------
    Total                      3.597ns (3.018ns logic, 0.579ns route)
                                       (83.9% logic, 16.1% route)

=========================================================================

Cross Clock Domains Report:
--------------------------

=========================================================================


Total REAL time to Xst completion: 9.00 secs
Total CPU time to Xst completion: 9.20 secs
 
--> 

Total memory usage is 257076 kilobytes

Number of errors   :    0 (   0 filtered)
Number of warnings :    1 (   0 filtered)
Number of infos    :    1 (   0 filtered)

